Microchip MPLAB XC8 Compiler V3.00

Linker command line:

-W-3 \
  --edf=C:\Program Files\Microchip\xc8\v3.00\pic\dat\20241204225717_en.msgs \
  -cn -h+dist/default/production\remoteController.X.production.sym \
  --cmf=dist/default/production\remoteController.X.production.cmf -z \
  -Q10F222 -oC:\Users\Adriano\AppData\Local\Temp\xcAslbg.\driver_tmp_3.o \
  --defsym=__MPLAB_BUILD=1 --fixupoverflow=error \
  -Mdist/default/production/remoteController.X.production.map \
  --md=C:\Users\Adriano\AppData\Local\Temp\xcAslbg.\driver_tmp_0.dat -E1 \
  -ver=XC8 Compiler -ACODE=00h-01FEh -ASTRCODE=00h-01FEh -ASTRING=00h-0FFh \
  -AENTRY=00h-0FFh-01FEh -ABANK0=09h-01Dh -ARAM=09h-01Dh -AABS1=09h-01Fh \
  -ACOMMON=01Ch-01Fh -ASFR0=00h-08h -ACONFIG=0FFFh-0FFFh -DCONFIG=2 \
  -AIDLOC=0200h-0203h -DIDLOC=2 -DCODE=2 -DSTRCODE=2 -DSTRING=2 -DCONST=2 \
  -DENTRY=2 -preset_vec=01ffh,reset_wrap=00h,init,end_init,cinit,clrtext \
  -ppowerup=CODE -pfunctab=ENTRY -pstrings=-STRING -k \
  C:\Users\Adriano\AppData\Local\Temp\xcAslbg.\driver_tmp_9.o \
  dist/default/production\remoteController.X.production.o 

Object code version is 3.11

Machine type is 10F222



                Name                               Link     Load   Length Selector   Space Scale
C:\Users\Adriano\AppData\Local\Temp\xcAslbg.\driver_tmp_9.o
                end_init                              0        0        1        0       0
                reset_vec                           1FF      1FF        1      3FE       0
                config                              FFF      FFF        1        0       4
dist/default/production\remoteController.X.production.o
                cinit                                 1        1        5        0       0
                config                              FFF      FFF        1        0       4
                text2                               166      166       19      2CC       0
                jmp_tab                               6        6        2        0       0
                text1                               15D      15D        9      2BA       0
                maintext                            17F      17F       80      2FE       0
                cstackBANK0                           9        9        B        9       1
                bssBANK0                             14       14        2        9       1

TOTAL           Name                               Link     Load   Length     Space
        CLASS   CODE           
                reset_vec                           1FF      1FF        1         0
                text2                               166      166       19         0
                text1                               15D      15D        9         0
                maintext                            17F      17F       80         0

        CLASS   STRCODE        

        CLASS   STRING         

        CLASS   ENTRY          
                end_init                              0        0        1         0
                cinit                                 1        1        5         0
                jmp_tab                               6        6        2         0

        CLASS   BANK0          
                cstackBANK0                           9        9        B         1
                bssBANK0                             14       14        2         1

        CLASS   RAM            

        CLASS   ABS1           
                abs_s1                               1C       1C        4         1

        CLASS   COMMON         

        CLASS   SFR0           

        CLASS   CONFIG         
                config                              FFF      FFF        1         4

        CLASS   IDLOC          

        CLASS   CONST          

        CLASS   HEAP           

        CLASS   STACK          



SEGMENTS        Name                           Load    Length   Top    Selector   Space  Class     Delta

                reset_wrap                     000000  000008  000008         0       0  ENTRY       2
                cstackBANK0                    000009  00000D  000016         9       1  BANK0       1
                text1                          00015D  000009  000166       2BA       0  CODE        2
                text2                          000166  000019  00017F       2CC       0  CODE        2
                maintext                       00017F  000080  0001FF       2FE       0  CODE        2
                reset_vec                      0001FF  000001  000200       3FE       0  CODE        2


UNUSED ADDRESS RANGES

        Name                Unused          Largest block    Delta
        BANK0            0016-001B              6           1
        CODE             0008-015C            155           2
        ENTRY            0008-00FF+005D         F8           2
        IDLOC            0200-0203              4           2
        RAM              0016-001B              6           1
        SFR0             0000-0008              9           1
        STRCODE          0008-015C            155           2
        STRING           0008-00FF             F8           2

                                  Symbol Table

?_debouncePin               cstackBANK0  0009
_ADCON0bits                 (abs)        0007
_GP0                        (abs)        0030
_GP1                        (abs)        0031
_GP2                        (abs)        0032
_GP3                        (abs)        0033
_GPIO                       (abs)        0006
_OPTION                     (abs)        0000
_OSCCALbits                 (abs)        0005
_TRISGPIO                   (abs)        0006
__H__absolute__             __absolute__ 0000
__Habs1                     abs1         0000
__Hbank0                    bank0        0000
__HbssBANK0                 bssBANK0     0000
__Hcinit                    cinit        0006
__Hclrtext                  clrtext      0006
__Hcode                     code         0000
__Hcommon                   common       0000
__Hconfig                   config       1000
__HcstackBANK0              cstackBANK0  0000
__HcstackCOMMON             cstackCOMMON 0000
__Hend_init                 end_init     0001
__Hfunctab                  functab      0000
__Hheap                     heap         0000
__Hinit                     init         0000
__Hjmp_tab                  jmp_tab      0000
__Hmaintext                 maintext     0000
__Hpowerup                  powerup      0000
__Hram                      ram          0000
__Hreset_vec                reset_vec    0200
__Hreset_wrap               reset_wrap   0000
__Hsfr0                     sfr0         0000
__Hspace_0                  (abs)        0200
__Hspace_1                  (abs)        0016
__Hspace_2                  (abs)        0000
__Hspace_4                  (abs)        1FFF
__Hstack                    stack        0000
__Hstrings                  strings      0000
__Htext                     text         0000
__L__absolute__             __absolute__ 0000
__Labs1                     abs1         0000
__Lbank0                    bank0        0000
__LbssBANK0                 bssBANK0     0000
__Lcinit                    cinit        0001
__Lclrtext                  clrtext      0006
__Lcode                     code         0000
__Lcommon                   common       0000
__Lconfig                   config       0000
__LcstackBANK0              cstackBANK0  0000
__LcstackCOMMON             cstackCOMMON 0000
__Lend_init                 end_init     0000
__Lfunctab                  functab      0000
__Lheap                     heap         0000
__Linit                     init         0000
__Ljmp_tab                  jmp_tab      0000
__Lmaintext                 maintext     0000
__Lpowerup                  powerup      0000
__Lram                      ram          0000
__Lreset_vec                reset_vec    01FF
__Lreset_wrap               reset_wrap   0000
__Lsfr0                     sfr0         0000
__Lspace_0                  (abs)        0000
__Lspace_1                  (abs)        0000
__Lspace_2                  (abs)        0000
__Lspace_4                  (abs)        0000
__Lstack                    stack        0000
__Lstrings                  strings      0000
__Ltext                     text         0000
__S0                        (abs)        01FF
__S1                        (abs)        0016
___heap_hi                  (abs)        0000
___heap_lo                  (abs)        0000
___int_sp                   stack        0000
___int_stack_hi             stack        0000
___int_stack_lo             stack        0000
___latbits                  (abs)        0000
___sp                       stack        0000
___stack_hi                 stack        0000
___stack_lo                 stack        0000
___stackhi                  (abs)        0000
___stacklo                  (abs)        0000
__end_of__initialization    cinit        0004
__end_of_debouncePin        text2        017F
__end_of_init               text1        0166
__end_of_main               maintext     01FF
__initialization            cinit        0001
__pbssBANK0                 bssBANK0     0014
__pcstackBANK0              cstackBANK0  0009
__pcstackCOMMON             cstackCOMMON 0000
__pjmp_tab                  jmp_tab      0006
__pmaintext                 maintext     017F
__ptext1                    text1        015D
__ptext2                    text2        0166
_debouncePin                text2        0166
_init                       text1        015D
_main                       maintext     017F
btemp                       (abs)        001C
debouncePin@candidate_state bssBANK0     0014
debouncePin@debounced_state bssBANK0     0015
debouncePin@raw_state       cstackBANK0  000B
end_of_initialization       cinit        0004
entry__debouncePin          jmp_tab      0007
entry__init                 jmp_tab      0006
ltemp0                      (abs)        001C
main@cycle                  cstackBANK0  0010
main@prev_state             cstackBANK0  000F
main@rising_edges_cnt       cstackBANK0  0013
main@state                  cstackBANK0  0012
reset_vec                   reset_vec    01FF
reset_wrap                  reset_wrap   0000
start                       init         0000
start_initialization        cinit        0001
ttemp0                      (abs)        001C
wtemp0                      (abs)        001C
wtemp1                      (abs)        001E


MODULE INFORMATION

Module		Function		Class		Link	Load	Size
shared
		__initialization		ENTRY          	0001	0000	3

shared estimated size: 3

main.c
		_init          		CODE           	015D	0000	9
		_debouncePin   		CODE           	0166	0000	25
		_main          		CODE           	017F	0000	128

main.c estimated size: 162

